Processing esp32dev (platform: espressif32@6.10.0; board: esp32dev; framework: arduino)
--------------------------------------------------------------------------------
Verbose mode can be enabled via `-v, --verbose` option
CONFIGURATION: https://docs.platformio.org/page/boards/espressif32/esp32dev.html
PLATFORM: Espressif 32 (6.10.0) > Espressif ESP32 Dev Module
HARDWARE: ESP32 240MHz, 320KB RAM, 4MB Flash
DEBUG: Current (cmsis-dap) External (cmsis-dap, esp-bridge, esp-prog, iot-bus-jtag, jlink, minimodule, olimex-arm-usb-ocd, olimex-arm-usb-ocd-h, olimex-arm-usb-tiny-h, olimex-jtag-tiny, tumpa)
PACKAGES: 
 - framework-arduinoespressif32 @ 3.20017.241212+sha.dcc1105b 
 - tool-esptoolpy @ 1.40501.0 (4.5.1) 
 - toolchain-xtensa-esp32 @ 8.4.0+2021r2-patch5
LDF: Library Dependency Finder -> https://bit.ly/configure-pio-ldf
LDF Modes: Finder ~ chain, Compatibility ~ soft
Found 34 compatible libraries
Scanning dependencies...
Dependency Graph
|-- ArduinoJson @ 6.21.5
|-- HTTPClient @ 2.0.0
|-- LittleFS @ 2.0.0
|-- SPI @ 2.0.0
|-- WebServer @ 2.0.0
|-- WiFi @ 2.0.0
|-- WiFiClientSecure @ 2.0.0
Building in release mode
Compiling .pio\build\esp32dev\src\main.cpp.o
Compiling .pio\build\esp32dev\libf7e\WiFi\WiFiClient.cpp.o
Compiling .pio\build\esp32dev\libf7e\WiFi\WiFiGeneric.cpp.o
Compiling .pio\build\esp32dev\libf7e\WiFi\WiFiMulti.cpp.o
Compiling .pio\build\esp32dev\libf7e\WiFi\WiFiSTA.cpp.o
Compiling .pio\build\esp32dev\libf7e\WiFi\WiFiScan.cpp.o
Compiling .pio\build\esp32dev\libf7e\WiFi\WiFiServer.cpp.o
Compiling .pio\build\esp32dev\libf7e\WiFi\WiFiUdp.cpp.o
Compiling .pio\build\esp32dev\libc43\WiFiClientSecure\WiFiClientSecure.cpp.o
Archiving .pio\build\esp32dev\libf7e\libWiFi.a
Compiling .pio\build\esp32dev\libc43\WiFiClientSecure\esp_crt_bundle.c.o
Compiling .pio\build\esp32dev\libc43\WiFiClientSecure\ssl_client.cpp.o
Compiling .pio\build\esp32dev\libebb\HTTPClient\HTTPClient.cpp.o
Archiving .pio\build\esp32dev\libc43\libWiFiClientSecure.a
Compiling .pio\build\esp32dev\lib22a\FS\FS.cpp.o
Archiving .pio\build\esp32dev\libebb\libHTTPClient.a
Compiling .pio\build\esp32dev\lib22a\FS\vfs_api.cpp.o
Compiling .pio\build\esp32dev\lib106\LittleFS\LittleFS.cpp.o
Archiving .pio\build\esp32dev\lib22a\libFS.a
Compiling .pio\build\esp32dev\lib531\SPI\SPI.cpp.o
Archiving .pio\build\esp32dev\lib106\libLittleFS.a
Compiling .pio\build\esp32dev\libe36\WebServer\Parsing.cpp.o
Archiving .pio\build\esp32dev\lib531\libSPI.a
Compiling .pio\build\esp32dev\libe36\WebServer\WebServer.cpp.o
Compiling .pio\build\esp32dev\libe36\WebServer\detail\mimetable.cpp.o
Compiling .pio\build\esp32dev\FrameworkArduino\Esp.cpp.o
Archiving .pio\build\esp32dev\libe36\libWebServer.a
Compiling .pio\build\esp32dev\FrameworkArduino\FirmwareMSC.cpp.o
Compiling .pio\build\esp32dev\FrameworkArduino\FunctionalInterrupt.cpp.o
Compiling .pio\build\esp32dev\FrameworkArduino\HWCDC.cpp.o
Compiling .pio\build\esp32dev\FrameworkArduino\HardwareSerial.cpp.o
Compiling .pio\build\esp32dev\FrameworkArduino\IPAddress.cpp.o
Compiling .pio\build\esp32dev\FrameworkArduino\IPv6Address.cpp.o
Compiling .pio\build\esp32dev\FrameworkArduino\MD5Builder.cpp.o
Compiling .pio\build\esp32dev\FrameworkArduino\Print.cpp.o
Compiling .pio\build\esp32dev\FrameworkArduino\Stream.cpp.o
Compiling .pio\build\esp32dev\FrameworkArduino\StreamString.cpp.o
Compiling .pio\build\esp32dev\FrameworkArduino\Tone.cpp.o
Compiling .pio\build\esp32dev\FrameworkArduino\USB.cpp.o
Compiling .pio\build\esp32dev\FrameworkArduino\USBCDC.cpp.o
Compiling .pio\build\esp32dev\FrameworkArduino\USBMSC.cpp.o
Compiling .pio\build\esp32dev\FrameworkArduino\WMath.cpp.o
Compiling .pio\build\esp32dev\FrameworkArduino\WString.cpp.o
Compiling .pio\build\esp32dev\FrameworkArduino\base64.cpp.o
Compiling .pio\build\esp32dev\FrameworkArduino\cbuf.cpp.o
Compiling .pio\build\esp32dev\FrameworkArduino\esp32-hal-adc.c.o
Compiling .pio\build\esp32dev\FrameworkArduino\esp32-hal-bt.c.o
Compiling .pio\build\esp32dev\FrameworkArduino\esp32-hal-cpu.c.o
Compiling .pio\build\esp32dev\FrameworkArduino\esp32-hal-dac.c.o
Compiling .pio\build\esp32dev\FrameworkArduino\esp32-hal-gpio.c.o
Compiling .pio\build\esp32dev\FrameworkArduino\esp32-hal-i2c-slave.c.o
Compiling .pio\build\esp32dev\FrameworkArduino\esp32-hal-i2c.c.o
Compiling .pio\build\esp32dev\FrameworkArduino\esp32-hal-ledc.c.o
Compiling .pio\build\esp32dev\FrameworkArduino\esp32-hal-matrix.c.o
Compiling .pio\build\esp32dev\FrameworkArduino\esp32-hal-misc.c.o
Compiling .pio\build\esp32dev\FrameworkArduino\esp32-hal-psram.c.o
Compiling .pio\build\esp32dev\FrameworkArduino\esp32-hal-rgb-led.c.o
Compiling .pio\build\esp32dev\FrameworkArduino\esp32-hal-rmt.c.o
Compiling .pio\build\esp32dev\FrameworkArduino\esp32-hal-sigmadelta.c.o
Compiling .pio\build\esp32dev\FrameworkArduino\esp32-hal-spi.c.o
Compiling .pio\build\esp32dev\FrameworkArduino\esp32-hal-time.c.o
Compiling .pio\build\esp32dev\FrameworkArduino\esp32-hal-timer.c.o
Compiling .pio\build\esp32dev\FrameworkArduino\esp32-hal-tinyusb.c.o
Compiling .pio\build\esp32dev\FrameworkArduino\esp32-hal-touch.c.o
Compiling .pio\build\esp32dev\FrameworkArduino\esp32-hal-uart.c.o
Compiling .pio\build\esp32dev\FrameworkArduino\firmware_msc_fat.c.o
Compiling .pio\build\esp32dev\FrameworkArduino\libb64\cdecode.c.o
Compiling .pio\build\esp32dev\FrameworkArduino\libb64\cencode.c.o
Compiling .pio\build\esp32dev\FrameworkArduino\main.cpp.o
Compiling .pio\build\esp32dev\FrameworkArduino\stdlib_noniso.c.o
Compiling .pio\build\esp32dev\FrameworkArduino\wiring_pulse.c.o
Compiling .pio\build\esp32dev\FrameworkArduino\wiring_shift.c.o
Archiving .pio\build\esp32dev\libFrameworkArduino.a
Linking .pio\build\esp32dev\firmware.elf
Retrieving maximum program size .pio\build\esp32dev\firmware.elf
Checking size .pio\build\esp32dev\firmware.elf
Advanced Memory Usage is available via "PlatformIO Home > Project Inspect"
RAM:   [===       ]  29.2% (used 95620 bytes from 327680 bytes)
Flash: [========  ]  75.8% (used 992965 bytes from 1310720 bytes)
Building .pio\build\esp32dev\firmware.bin with action:
  "$PYTHONEXE" "$OBJCOPY" --chip esp32 elf2image --flash_mode ${__get_board_flash_mode(__env__)} --flash_freq ${__get_board_f_image(__env__)} --flash_size 4MB --elf-sha256-offset 0xb0 -o $TARGET $SOURCES
Building .pio\build\esp32dev\firmware.bin
esptool.py v4.5.1
Creating esp32 image...
Merged 27 ELF sections
Successfully created esp32 image.
======================== [SUCCESS] Took 127.18 seconds ========================
